<html>
<body>
<pre>
<h1>µVision Build Log</h1>
<h2>Tool Versions:</h2>
IDE-Version: ¦ÌVision V5.34.0.0
Copyright (C) 2021 ARM Ltd and ARM Germany GmbH. All rights reserved.
License Information: yang Xiaoming Yang, tianxiayun, LIC=LSNXV-P1JV4-12SLE-50HQG-12VW2-YDLLL
 
Tool Versions:
Toolchain:       MDK-ARM Plus  Version: 5.34.0.0
Toolchain Path:  E:\Keil_v5\ARM\ARMCLANG\Bin
C Compiler:      ArmClang.exe V6.16
Assembler:       Armasm.exe V6.16
Linker/Locator:  ArmLink.exe V6.16
Library Manager: ArmAr.exe V6.16
Hex Converter:   FromElf.exe V6.16
CPU DLL:         SARMCM3.DLL V5.34.0.0
Dialog DLL:      DCM.DLL V1.17.3.0
Target DLL:      Segger\JL2CM3.dll V2.99.38.0
Dialog DLL:      TCM.DLL V1.48.0.0
 
<h2>Project:</h2>
D:\GD32F103\GD32F103C8T6Project\KeilProject\GD32F10xProject.uvprojx
Project File Date:  03/06/2022

<h2>Output:</h2>
*** Using Compiler 'V6.16', folder: 'E:\Keil_v5\ARM\ARMCLANG\Bin'
Build target 'Target 1'
../rtthread/board.c(13): warning: In file included from...
../rtthread/include\rthw.h(18): warning: In file included from...
../rtthread/include\rtthread.h(21): warning: In file included from...
../rtthread\rtconfig.h(136): warning: 'FINSH_THREAD_PRIORITY' macro redefined [-Wmacro-redefined]
    #define FINSH_THREAD_PRIORITY       (RT_THREAD_PRIORITY_MAX / 8 * __FINSH_THREAD_PRIORITY + 1)
            ^
../rtthread/finsh\finsh_config.h(14): note: previous definition is here
#define FINSH_THREAD_PRIORITY       21
        ^
../rtthread/board.c(13): warning: In file included from...
../rtthread/include\rthw.h(18): warning: In file included from...
../rtthread/include\rtthread.h(21): warning: In file included from...
../rtthread\rtconfig.h(140): warning: 'FINSH_THREAD_STACK_SIZE' macro redefined [-Wmacro-redefined]
    #define FINSH_THREAD_STACK_SIZE     512
            ^
../rtthread/finsh\finsh_config.h(18): note: previous definition is here
#define FINSH_THREAD_STACK_SIZE     1024
        ^
2 warnings generated.
compiling board.c...
linking...
Program Size: Code=14526 RO-data=1666 RW-data=68 ZI-data=19044  
FromELF: creating hex file...
".\Objects\GD32F10xProject.axf" - 0 Error(s), 2 Warning(s).

<h2>Software Packages used:</h2>

Package Vendor: GigaDevice
                http://gd32mcu.com/data/documents/pack/GigaDevice.GD32F10x_DFP.2.0.2.pack
                GigaDevice.GD32F10x_DFP.2.0.2
                GigaDevice GD32F10x Series Device Support and Examples

<h2>Collection of Component include folders:</h2>
  E:\Keil_v5\ARM\PACK\GigaDevice\GD32F10x_DFP\2.0.2\Device\Include

<h2>Collection of Component Files used:</h2>
Build Time Elapsed:  00:00:02
</pre>
</body>
</html>
